Лев@DESKTOP-PJ5KGBD MINGW64 /d/Git file (master)
$ git status
On branch master

Initial commit

Untracked files:
  (use "git add <file>..." to include in what will be committed)

        .gitignore
        task1/

nothing added to commit but untracked files present (use "git add" to track)

Лев@DESKTOP-PJ5KGBD MINGW64 /d/Git file (master)
$ git add .gitignore

Лев@DESKTOP-PJ5KGBD MINGW64 /d/Git file (master)
$ git status
On branch master

Initial commit

Changes to be committed:
  (use "git rm --cached <file>..." to unstage)

        new file:   .gitignore

Untracked files:
  (use "git add <file>..." to include in what will be committed)

        task1/

Лев@DESKTOP-PJ5KGBD MINGW64 /d/temp/NewRepozitory (master)
$ git stage
Nothing specified, nothing added.
Maybe you wanted to say 'git add .'?

